// Jest Snapshot v1, https://goo.gl/fbAQLP

exports[`renders correctly 1`] = `
<View
  style={
    Object {
      "borderColor": "black",
      "borderWidth": 2,
      "flex": 1,
    }
  }
>
  <Image
    source={
      Object {
        "uri": "res://drawable/default/Background-Gradient.png",
      }
    }
    style={
      Object {
        "height": 1080,
        "position": "absolute",
        "resizeMode": "repeat",
        "width": 1920,
      }
    }
  />
</View>
`;
