// Jest Snapshot v1, https://goo.gl/fbAQLP

exports[`renders correctly 1`] = `
<View
  style={
    Object {
      "backgroundColor": "black",
    }
  }
>
  <Composition
    onTimelinesLoaded={[Function]}
    source="Auryn_Container-Btn-Backdrop-Large"
  >
    <YiPushButtonView
      name="Btn-Backdrop-Large"
      onFocus={[Function]}
      onLoad={[Function]}
      onPress={[Function]}
      onTimelinesLoaded={[Function]}
    >
      <YiImageView
        name="Image-Dynamic"
        onTimelinesLoaded={[Function]}
        source={
          Object {
            "uri": "https://via.placeholder.com/1068x600",
          }
        }
      />
      <YiTextSceneNode
        name="Text-Details"
        text="Lorem ipsum dolor sit amet, consectetur adipiscing elit, sed do eiusmod tempor incididunt ut labore et dolore magna aliqua."
      />
      <YiTextSceneNode
        name="Text-Title"
        text="You.i TV"
      />
    </YiPushButtonView>
  </Composition>
  <View
    style={
      Object {
        "flexDirection": "row",
      }
    }
  >
    <Composition
      onTimelinesLoaded={[Function]}
      source="Auryn_Container-Btn-Backdrop-Small"
    >
      <YiPushButtonView
        name="Btn-Backdrop-Small"
        onFocus={[Function]}
        onLoad={[Function]}
        onPress={[Function]}
        onTimelinesLoaded={[Function]}
      >
        <YiImageView
          name="Image-Dynamic"
          onTimelinesLoaded={[Function]}
          source={
            Object {
              "uri": "https://via.placeholder.com/534x300",
            }
          }
        />
        <YiTextSceneNode
          name="Text-Details"
          text="Lorem ipsum dolor sit amet, consectetur adipiscing elit, sed do eiusmod tempor incididunt ut labore et dolore magna aliqua."
        />
        <YiTextSceneNode
          name="Text-Title"
          text="You.i TV"
        />
      </YiPushButtonView>
    </Composition>
    <Composition
      onTimelinesLoaded={[Function]}
      source="Auryn_Container-Btn-Backdrop-Small"
    >
      <YiPushButtonView
        name="Btn-Backdrop-Small"
        onFocus={[Function]}
        onLoad={[Function]}
        onPress={[Function]}
        onTimelinesLoaded={[Function]}
      >
        <YiImageView
          name="Image-Dynamic"
          onTimelinesLoaded={[Function]}
          source={
            Object {
              "uri": "https://via.placeholder.com/534x300",
            }
          }
        />
        <YiTextSceneNode
          name="Text-Details"
          text="Lorem ipsum dolor sit amet, consectetur adipiscing elit, sed do eiusmod tempor incididunt ut labore et dolore magna aliqua."
        />
        <YiTextSceneNode
          name="Text-Title"
          text="You.i TV"
        />
      </YiPushButtonView>
    </Composition>
  </View>
</View>
`;
