// Jest Snapshot v1, https://goo.gl/fbAQLP

exports[`renders correctly 1`] = `
Array [
  <ListRef
    DEPRECATED_sendUpdatedChildFrames={false}
    alwaysBounceHorizontal={true}
    alwaysBounceVertical={false}
    data={
      Array [
        Array [
          Object {
            "details": "Lorem ipsum dolor sit amet, consectetur adipiscing elit, sed do eiusmod tempor incididunt ut labore et dolore magna aliqua.",
            "extra": "Director: Alan Smithee | Starring: John Doe, Jane Doe",
            "id": 1234567,
            "images": Object {
              "Backdrop": "https://via.placeholder.com/1068x600",
              "Poster": "https://via.placeholder.com/200x300",
            },
            "key": "keystring",
            "similar": Array [],
            "thumbs": Object {
              "Backdrop": "https://via.placeholder.com/534x300",
              "Poster": "https://via.placeholder.com/400x600",
            },
            "title": "You.i TV",
            "type": "tv",
            "youtubeId": "nO_DIwuGBnA",
          },
          Object {
            "details": "Lorem ipsum dolor sit amet, consectetur adipiscing elit, sed do eiusmod tempor incididunt ut labore et dolore magna aliqua.",
            "extra": "Director: Alan Smithee | Starring: John Doe, Jane Doe",
            "id": 1234567,
            "images": Object {
              "Backdrop": "https://via.placeholder.com/1068x600",
              "Poster": "https://via.placeholder.com/200x300",
            },
            "key": "keystring",
            "similar": Array [],
            "thumbs": Object {
              "Backdrop": "https://via.placeholder.com/534x300",
              "Poster": "https://via.placeholder.com/400x600",
            },
            "title": "You.i TV",
            "type": "tv",
            "youtubeId": "nO_DIwuGBnA",
          },
          Object {
            "details": "Lorem ipsum dolor sit amet, consectetur adipiscing elit, sed do eiusmod tempor incididunt ut labore et dolore magna aliqua.",
            "extra": "Director: Alan Smithee | Starring: John Doe, Jane Doe",
            "id": 1234567,
            "images": Object {
              "Backdrop": "https://via.placeholder.com/1068x600",
              "Poster": "https://via.placeholder.com/200x300",
            },
            "key": "keystring",
            "similar": Array [],
            "thumbs": Object {
              "Backdrop": "https://via.placeholder.com/534x300",
              "Poster": "https://via.placeholder.com/400x600",
            },
            "title": "You.i TV",
            "type": "tv",
            "youtubeId": "nO_DIwuGBnA",
          },
        ],
        Array [
          Object {
            "details": "Lorem ipsum dolor sit amet, consectetur adipiscing elit, sed do eiusmod tempor incididunt ut labore et dolore magna aliqua.",
            "extra": "Director: Alan Smithee | Starring: John Doe, Jane Doe",
            "id": 1234567,
            "images": Object {
              "Backdrop": "https://via.placeholder.com/1068x600",
              "Poster": "https://via.placeholder.com/200x300",
            },
            "key": "keystring",
            "similar": Array [],
            "thumbs": Object {
              "Backdrop": "https://via.placeholder.com/534x300",
              "Poster": "https://via.placeholder.com/400x600",
            },
            "title": "You.i TV",
            "type": "tv",
            "youtubeId": "nO_DIwuGBnA",
          },
          Object {
            "details": "Lorem ipsum dolor sit amet, consectetur adipiscing elit, sed do eiusmod tempor incididunt ut labore et dolore magna aliqua.",
            "extra": "Director: Alan Smithee | Starring: John Doe, Jane Doe",
            "id": 1234567,
            "images": Object {
              "Backdrop": "https://via.placeholder.com/1068x600",
              "Poster": "https://via.placeholder.com/200x300",
            },
            "key": "keystring",
            "similar": Array [],
            "thumbs": Object {
              "Backdrop": "https://via.placeholder.com/534x300",
              "Poster": "https://via.placeholder.com/400x600",
            },
            "title": "You.i TV",
            "type": "tv",
            "youtubeId": "nO_DIwuGBnA",
          },
          Object {
            "details": "Lorem ipsum dolor sit amet, consectetur adipiscing elit, sed do eiusmod tempor incididunt ut labore et dolore magna aliqua.",
            "extra": "Director: Alan Smithee | Starring: John Doe, Jane Doe",
            "id": 1234567,
            "images": Object {
              "Backdrop": "https://via.placeholder.com/1068x600",
              "Poster": "https://via.placeholder.com/200x300",
            },
            "key": "keystring",
            "similar": Array [],
            "thumbs": Object {
              "Backdrop": "https://via.placeholder.com/534x300",
              "Poster": "https://via.placeholder.com/400x600",
            },
            "title": "You.i TV",
            "type": "tv",
            "youtubeId": "nO_DIwuGBnA",
          },
        ],
        Array [
          Object {
            "details": "Lorem ipsum dolor sit amet, consectetur adipiscing elit, sed do eiusmod tempor incididunt ut labore et dolore magna aliqua.",
            "extra": "Director: Alan Smithee | Starring: John Doe, Jane Doe",
            "id": 1234567,
            "images": Object {
              "Backdrop": "https://via.placeholder.com/1068x600",
              "Poster": "https://via.placeholder.com/200x300",
            },
            "key": "keystring",
            "similar": Array [],
            "thumbs": Object {
              "Backdrop": "https://via.placeholder.com/534x300",
              "Poster": "https://via.placeholder.com/400x600",
            },
            "title": "You.i TV",
            "type": "tv",
            "youtubeId": "nO_DIwuGBnA",
          },
          Object {
            "details": "Lorem ipsum dolor sit amet, consectetur adipiscing elit, sed do eiusmod tempor incididunt ut labore et dolore magna aliqua.",
            "extra": "Director: Alan Smithee | Starring: John Doe, Jane Doe",
            "id": 1234567,
            "images": Object {
              "Backdrop": "https://via.placeholder.com/1068x600",
              "Poster": "https://via.placeholder.com/200x300",
            },
            "key": "keystring",
            "similar": Array [],
            "thumbs": Object {
              "Backdrop": "https://via.placeholder.com/534x300",
              "Poster": "https://via.placeholder.com/400x600",
            },
            "title": "You.i TV",
            "type": "tv",
            "youtubeId": "nO_DIwuGBnA",
          },
          Object {
            "details": "Lorem ipsum dolor sit amet, consectetur adipiscing elit, sed do eiusmod tempor incididunt ut labore et dolore magna aliqua.",
            "extra": "Director: Alan Smithee | Starring: John Doe, Jane Doe",
            "id": 1234567,
            "images": Object {
              "Backdrop": "https://via.placeholder.com/1068x600",
              "Poster": "https://via.placeholder.com/200x300",
            },
            "key": "keystring",
            "similar": Array [],
            "thumbs": Object {
              "Backdrop": "https://via.placeholder.com/534x300",
              "Poster": "https://via.placeholder.com/400x600",
            },
            "title": "You.i TV",
            "type": "tv",
            "youtubeId": "nO_DIwuGBnA",
          },
        ],
        Array [
          Object {
            "details": "Lorem ipsum dolor sit amet, consectetur adipiscing elit, sed do eiusmod tempor incididunt ut labore et dolore magna aliqua.",
            "extra": "Director: Alan Smithee | Starring: John Doe, Jane Doe",
            "id": 1234567,
            "images": Object {
              "Backdrop": "https://via.placeholder.com/1068x600",
              "Poster": "https://via.placeholder.com/200x300",
            },
            "key": "keystring",
            "similar": Array [],
            "thumbs": Object {
              "Backdrop": "https://via.placeholder.com/534x300",
              "Poster": "https://via.placeholder.com/400x600",
            },
            "title": "You.i TV",
            "type": "tv",
            "youtubeId": "nO_DIwuGBnA",
          },
        ],
      ]
    }
    disableVirtualization={false}
    getItem={[Function]}
    getItemCount={[Function]}
    getItemLayout={[Function]}
    horizontal={true}
    initialNumToRender={2}
    keyExtractor={[Function]}
    maxToRenderPerBatch={10}
    name="Discover"
    numColumns={1}
    onContentSizeChange={null}
    onEndReachedThreshold={2}
    onLayout={[Function]}
    onMomentumScrollBegin={[Function]}
    onMomentumScrollEnd={[Function]}
    onResponderGrant={[Function]}
    onResponderReject={[Function]}
    onResponderRelease={[Function]}
    onResponderTerminationRequest={[Function]}
    onScroll={[Function]}
    onScrollBeginDrag={[Function]}
    onScrollEndDrag={[Function]}
    onScrollShouldSetResponder={[Function]}
    onStartShouldSetResponder={[Function]}
    onStartShouldSetResponderCapture={[Function]}
    onTimelinesLoaded={[Function]}
    onTouchCancel={[Function]}
    onTouchEnd={[Function]}
    onTouchMove={[Function]}
    onTouchStart={[Function]}
    renderItem={[Function]}
    renderScrollComponent={[Function]}
    scrollBarThumbImage={null}
    scrollEnabled={true}
    scrollEventThrottle={50}
    sendMomentumEvents={true}
    stickyHeaderIndices={Array []}
    style={
      Array [
        Object {
          "flexDirection": "row",
          "flexGrow": 1,
          "flexShrink": 1,
          "overflow": "scroll",
        },
        undefined,
      ]
    }
    updateCellsBatchingPeriod={50}
    viewabilityConfigCallbackPairs={Array []}
    windowSize={21}
  >
    <ScrollContentData
      collapsable={false}
      onLayout={[Function]}
      style={
        Array [
          Object {
            "flexDirection": "row",
          },
          undefined,
        ]
      }
    >
      <View
        style={
          Array [
            Object {
              "flexDirection": "row",
            },
            null,
          ]
        }
      >
        <View
          style={
            Object {
              "backgroundColor": "black",
            }
          }
        >
          <Composition
            onTimelinesLoaded={[Function]}
            source="Auryn_Container-Btn-Backdrop-Large"
          >
            <YiPushButtonView
              name="Btn-Backdrop-Large"
              onFocus={[Function]}
              onLoad={[Function]}
              onPress={[Function]}
              onTimelinesLoaded={[Function]}
            >
              <YiImageView
                name="Image-Dynamic"
                onTimelinesLoaded={[Function]}
                source={
                  Object {
                    "uri": "https://via.placeholder.com/1068x600",
                  }
                }
              />
              <YiTextSceneNode
                name="Text-Details"
                text="Lorem ipsum dolor sit amet, consectetur adipiscing elit, sed do eiusmod tempor incididunt ut labore et dolore magna aliqua."
              />
              <YiTextSceneNode
                name="Text-Title"
                text="You.i TV"
              />
            </YiPushButtonView>
          </Composition>
          <View
            style={
              Object {
                "flexDirection": "row",
              }
            }
          >
            <Composition
              onTimelinesLoaded={[Function]}
              source="Auryn_Container-Btn-Backdrop-Small"
            >
              <YiPushButtonView
                name="Btn-Backdrop-Small"
                onFocus={[Function]}
                onLoad={[Function]}
                onPress={[Function]}
                onTimelinesLoaded={[Function]}
              >
                <YiImageView
                  name="Image-Dynamic"
                  onTimelinesLoaded={[Function]}
                  source={
                    Object {
                      "uri": "https://via.placeholder.com/534x300",
                    }
                  }
                />
                <YiTextSceneNode
                  name="Text-Details"
                  text="Lorem ipsum dolor sit amet, consectetur adipiscing elit, sed do eiusmod tempor incididunt ut labore et dolore magna aliqua."
                />
                <YiTextSceneNode
                  name="Text-Title"
                  text="You.i TV"
                />
              </YiPushButtonView>
            </Composition>
            <Composition
              onTimelinesLoaded={[Function]}
              source="Auryn_Container-Btn-Backdrop-Small"
            >
              <YiPushButtonView
                name="Btn-Backdrop-Small"
                onFocus={[Function]}
                onLoad={[Function]}
                onPress={[Function]}
                onTimelinesLoaded={[Function]}
              >
                <YiImageView
                  name="Image-Dynamic"
                  onTimelinesLoaded={[Function]}
                  source={
                    Object {
                      "uri": "https://via.placeholder.com/534x300",
                    }
                  }
                />
                <YiTextSceneNode
                  name="Text-Details"
                  text="Lorem ipsum dolor sit amet, consectetur adipiscing elit, sed do eiusmod tempor incididunt ut labore et dolore magna aliqua."
                />
                <YiTextSceneNode
                  name="Text-Title"
                  text="You.i TV"
                />
              </YiPushButtonView>
            </Composition>
          </View>
        </View>
      </View>
      <View
        style={
          Array [
            Object {
              "flexDirection": "row",
            },
            null,
          ]
        }
      >
        <View
          style={
            Object {
              "backgroundColor": "black",
            }
          }
        >
          <View
            style={
              Object {
                "flexDirection": "row",
              }
            }
          >
            <Composition
              onTimelinesLoaded={[Function]}
              source="Auryn_Container-Btn-Backdrop-Small"
            >
              <YiPushButtonView
                name="Btn-Backdrop-Small"
                onFocus={[Function]}
                onLoad={[Function]}
                onPress={[Function]}
                onTimelinesLoaded={[Function]}
              >
                <YiImageView
                  name="Image-Dynamic"
                  onTimelinesLoaded={[Function]}
                  source={
                    Object {
                      "uri": "https://via.placeholder.com/534x300",
                    }
                  }
                />
                <YiTextSceneNode
                  name="Text-Details"
                  text="Lorem ipsum dolor sit amet, consectetur adipiscing elit, sed do eiusmod tempor incididunt ut labore et dolore magna aliqua."
                />
                <YiTextSceneNode
                  name="Text-Title"
                  text="You.i TV"
                />
              </YiPushButtonView>
            </Composition>
            <Composition
              onTimelinesLoaded={[Function]}
              source="Auryn_Container-Btn-Backdrop-Small"
            >
              <YiPushButtonView
                name="Btn-Backdrop-Small"
                onFocus={[Function]}
                onLoad={[Function]}
                onPress={[Function]}
                onTimelinesLoaded={[Function]}
              >
                <YiImageView
                  name="Image-Dynamic"
                  onTimelinesLoaded={[Function]}
                  source={
                    Object {
                      "uri": "https://via.placeholder.com/534x300",
                    }
                  }
                />
                <YiTextSceneNode
                  name="Text-Details"
                  text="Lorem ipsum dolor sit amet, consectetur adipiscing elit, sed do eiusmod tempor incididunt ut labore et dolore magna aliqua."
                />
                <YiTextSceneNode
                  name="Text-Title"
                  text="You.i TV"
                />
              </YiPushButtonView>
            </Composition>
          </View>
          <Composition
            onTimelinesLoaded={[Function]}
            source="Auryn_Container-Btn-Backdrop-Large"
          >
            <YiPushButtonView
              name="Btn-Backdrop-Large"
              onFocus={[Function]}
              onLoad={[Function]}
              onPress={[Function]}
              onTimelinesLoaded={[Function]}
            >
              <YiImageView
                name="Image-Dynamic"
                onTimelinesLoaded={[Function]}
                source={
                  Object {
                    "uri": "https://via.placeholder.com/1068x600",
                  }
                }
              />
              <YiTextSceneNode
                name="Text-Details"
                text="Lorem ipsum dolor sit amet, consectetur adipiscing elit, sed do eiusmod tempor incididunt ut labore et dolore magna aliqua."
              />
              <YiTextSceneNode
                name="Text-Title"
                text="You.i TV"
              />
            </YiPushButtonView>
          </Composition>
        </View>
      </View>
      <View
        style={
          Object {
            "width": 2136,
          }
        }
      />
    </ScrollContentData>
  </ListRef>,
  <ViewRef
    name="Discover"
    onLoad={[Function]}
    onTimelinesLoaded={[Function]}
  />,
]
`;
