// Jest Snapshot v1, https://goo.gl/fbAQLP

exports[`renders correctly 1`] = `
<ListRef
  DEPRECATED_sendUpdatedChildFrames={false}
  alwaysBounceHorizontal={true}
  alwaysBounceVertical={false}
  focusable={true}
  horizontal={true}
  initialToggleIndex={0}
  name="Nav-List"
  onContentSizeChange={null}
  onLayout={[Function]}
  onMomentumScrollBegin={[Function]}
  onMomentumScrollEnd={[Function]}
  onPressItem={[MockFunction]}
  onResponderGrant={[Function]}
  onResponderReject={[Function]}
  onResponderRelease={[Function]}
  onResponderTerminationRequest={[Function]}
  onScroll={[Function]}
  onScrollBeginDrag={[Function]}
  onScrollEndDrag={[Function]}
  onScrollShouldSetResponder={[Function]}
  onStartShouldSetResponder={[Function]}
  onStartShouldSetResponderCapture={[Function]}
  onTouchCancel={[Function]}
  onTouchEnd={[Function]}
  onTouchMove={[Function]}
  onTouchStart={[Function]}
  scrollBarThumbImage={null}
  scrollEnabled={false}
  sendMomentumEvents={false}
  style={
    Array [
      Object {
        "flexDirection": "row",
        "flexGrow": 1,
        "flexShrink": 1,
        "overflow": "scroll",
      },
      undefined,
    ]
  }
>
  <ScrollContentData
    collapsable={false}
    style={
      Array [
        Object {
          "flexDirection": "row",
        },
        undefined,
      ]
    }
  >
    <View
      style={
        Object {
          "alignItems": "center",
          "flex": 1,
          "flexDirection": "row",
          "justifyContent": "center",
        }
      }
    >
      <View
        style={
          Object {
            "marginHorizontal": 4,
          }
        }
      >
        <Composition
          onTimelinesLoaded={[Function]}
          source="Auryn_Btn-Nav-List-Container"
        >
          <YiPushButtonView
            focusable={true}
            name="Btn-Nav-List"
            onCompositionDidLoad={[Function]}
            onFocus={[Function]}
            onPress={[Function]}
            onTimelinesLoaded={[Function]}
          >
            <TimelineRef
              autoplay={true}
              direction="forward"
              loop={false}
              name="Toggle-On"
              onAborted={[Function]}
              onCompleted={[Function]}
              onCompletedForward={[Function]}
              onCompletedReverse={[Function]}
              onCompositionDidLoad={[Function]}
              onPaused={[Function]}
              onPausedForward={[Function]}
              onPausedReverse={[Function]}
              onPlay={[Function]}
              onPlayForward={[Function]}
              onPlayReverse={[Function]}
              onStarted={[Function]}
              onStartedForward={[Function]}
              onStartedReverse={[Function]}
            />
          </YiPushButtonView>
        </Composition>
      </View>
      <View
        style={
          Object {
            "marginHorizontal": 4,
          }
        }
      >
        <Composition
          onTimelinesLoaded={[Function]}
          source="Auryn_Btn-Nav-List-Container"
        >
          <YiPushButtonView
            focusable={true}
            name="Btn-Nav-List"
            onCompositionDidLoad={[Function]}
            onFocus={[Function]}
            onPress={[Function]}
            onTimelinesLoaded={[Function]}
          >
            <TimelineRef
              autoplay={false}
              direction="reverse"
              loop={false}
              name="Toggle-On"
              onAborted={[Function]}
              onCompleted={[Function]}
              onCompletedForward={[Function]}
              onCompletedReverse={[Function]}
              onCompositionDidLoad={[Function]}
              onPaused={[Function]}
              onPausedForward={[Function]}
              onPausedReverse={[Function]}
              onPlay={[Function]}
              onPlayForward={[Function]}
              onPlayReverse={[Function]}
              onStarted={[Function]}
              onStartedForward={[Function]}
              onStartedReverse={[Function]}
            />
          </YiPushButtonView>
        </Composition>
      </View>
      <View
        style={
          Object {
            "marginHorizontal": 4,
          }
        }
      >
        <Composition
          onTimelinesLoaded={[Function]}
          source="Auryn_Btn-Nav-List-Container"
        >
          <YiPushButtonView
            focusable={true}
            name="Btn-Nav-List"
            onCompositionDidLoad={[Function]}
            onFocus={[Function]}
            onPress={[Function]}
            onTimelinesLoaded={[Function]}
          >
            <TimelineRef
              autoplay={false}
              direction="reverse"
              loop={false}
              name="Toggle-On"
              onAborted={[Function]}
              onCompleted={[Function]}
              onCompletedForward={[Function]}
              onCompletedReverse={[Function]}
              onCompositionDidLoad={[Function]}
              onPaused={[Function]}
              onPausedForward={[Function]}
              onPausedReverse={[Function]}
              onPlay={[Function]}
              onPlayForward={[Function]}
              onPlayReverse={[Function]}
              onStarted={[Function]}
              onStartedForward={[Function]}
              onStartedReverse={[Function]}
            />
          </YiPushButtonView>
        </Composition>
      </View>
    </View>
  </ScrollContentData>
</ListRef>
`;
