// Jest Snapshot v1, https://goo.gl/fbAQLP

exports[`renders correctly 1`] = `
<Composition
  onTimelinesLoaded={[Function]}
  source="Auryn_Profile"
>
  <YiPushButtonView
    name="Btn-Back"
    onCompositionDidLoad={[Function]}
    onPress={[Function]}
    onTimelinesLoaded={[Function]}
    visible={false}
  />
  <TimelineRef
    autoplay={true}
    loop={false}
    name="ProfileIn"
    onAborted={[Function]}
    onCompleted={[Function]}
    onCompletedForward={[Function]}
    onCompletedReverse={[Function]}
    onCompositionDidLoad={[Function]}
    onPaused={[Function]}
    onPausedForward={[Function]}
    onPausedReverse={[Function]}
    onPlay={[Function]}
    onPlayForward={[Function]}
    onPlayReverse={[Function]}
    onStarted={[Function]}
    onStartedForward={[Function]}
    onStartedReverse={[Function]}
  />
  <TimelineRef
    loop={false}
    name="ProfileOut"
    onAborted={[Function]}
    onCompleted={[Function]}
    onCompletedForward={[Function]}
    onCompletedReverse={[Function]}
    onCompositionDidLoad={[Function]}
    onPaused={[Function]}
    onPausedForward={[Function]}
    onPausedReverse={[Function]}
    onPlay={[Function]}
    onPlayForward={[Function]}
    onPlayReverse={[Function]}
    onStarted={[Function]}
    onStartedForward={[Function]}
    onStartedReverse={[Function]}
  />
  <YiPushButtonView
    name="Btn-Profile1"
    onCompositionDidLoad={[Function]}
    onPress={[Function]}
    onTimelinesLoaded={[Function]}
  >
    <YiTextSceneNode
      name="Active User"
      text="Active User"
    />
    <TimelineRef
      autoplay={true}
      loop={false}
      name="Toggle-On"
      onAborted={[Function]}
      onCompleted={[Function]}
      onCompletedForward={[Function]}
      onCompletedReverse={[Function]}
      onCompositionDidLoad={[Function]}
      onPaused={[Function]}
      onPausedForward={[Function]}
      onPausedReverse={[Function]}
      onPlay={[Function]}
      onPlayForward={[Function]}
      onPlayReverse={[Function]}
      onStarted={[Function]}
      onStartedForward={[Function]}
      onStartedReverse={[Function]}
      playOnTrue={true}
    />
    <TimelineRef
      loop={false}
      name="Toggle-Off"
      onAborted={[Function]}
      onCompleted={[Function]}
      onCompletedForward={[Function]}
      onCompletedReverse={[Function]}
      onCompositionDidLoad={[Function]}
      onPaused={[Function]}
      onPausedForward={[Function]}
      onPausedReverse={[Function]}
      onPlay={[Function]}
      onPlayForward={[Function]}
      onPlayReverse={[Function]}
      onStarted={[Function]}
      onStartedForward={[Function]}
      onStartedReverse={[Function]}
      playOnTrue={false}
    />
  </YiPushButtonView>
  <YiPushButtonView
    name="Btn-Profile2"
    onCompositionDidLoad={[Function]}
    onPress={[Function]}
    onTimelinesLoaded={[Function]}
  >
    <YiTextSceneNode
      name="Active User"
      text=""
    />
    <TimelineRef
      autoplay={false}
      loop={false}
      name="Toggle-On"
      onAborted={[Function]}
      onCompleted={[Function]}
      onCompletedForward={[Function]}
      onCompletedReverse={[Function]}
      onCompositionDidLoad={[Function]}
      onPaused={[Function]}
      onPausedForward={[Function]}
      onPausedReverse={[Function]}
      onPlay={[Function]}
      onPlayForward={[Function]}
      onPlayReverse={[Function]}
      onStarted={[Function]}
      onStartedForward={[Function]}
      onStartedReverse={[Function]}
      playOnTrue={false}
    />
    <TimelineRef
      loop={false}
      name="Toggle-Off"
      onAborted={[Function]}
      onCompleted={[Function]}
      onCompletedForward={[Function]}
      onCompletedReverse={[Function]}
      onCompositionDidLoad={[Function]}
      onPaused={[Function]}
      onPausedForward={[Function]}
      onPausedReverse={[Function]}
      onPlay={[Function]}
      onPlayForward={[Function]}
      onPlayReverse={[Function]}
      onStarted={[Function]}
      onStartedForward={[Function]}
      onStartedReverse={[Function]}
      playOnTrue={true}
    />
  </YiPushButtonView>
  <YiPushButtonView
    name="Btn-Profile3"
    onCompositionDidLoad={[Function]}
    onPress={[Function]}
    onTimelinesLoaded={[Function]}
  >
    <YiTextSceneNode
      name="Active User"
      text=""
    />
    <TimelineRef
      autoplay={false}
      loop={false}
      name="Toggle-On"
      onAborted={[Function]}
      onCompleted={[Function]}
      onCompletedForward={[Function]}
      onCompletedReverse={[Function]}
      onCompositionDidLoad={[Function]}
      onPaused={[Function]}
      onPausedForward={[Function]}
      onPausedReverse={[Function]}
      onPlay={[Function]}
      onPlayForward={[Function]}
      onPlayReverse={[Function]}
      onStarted={[Function]}
      onStartedForward={[Function]}
      onStartedReverse={[Function]}
      playOnTrue={false}
    />
    <TimelineRef
      loop={false}
      name="Toggle-Off"
      onAborted={[Function]}
      onCompleted={[Function]}
      onCompletedForward={[Function]}
      onCompletedReverse={[Function]}
      onCompositionDidLoad={[Function]}
      onPaused={[Function]}
      onPausedForward={[Function]}
      onPausedReverse={[Function]}
      onPlay={[Function]}
      onPlayForward={[Function]}
      onPlayReverse={[Function]}
      onStarted={[Function]}
      onStartedForward={[Function]}
      onStartedReverse={[Function]}
      playOnTrue={true}
    />
  </YiPushButtonView>
</Composition>
`;
